mysql> insert into  addressbook_db(firstname,lastname,address,city,state,zip,phonenumber,email) values('kaif','shaikh','peace heights','solapur','maharashtra',413004,7345001567,'kaif@gml.com');
Query OK, 1 row affected (0.08 sec)

mysql> insert into  addressbook_db(firstname,lastname,address,city,state,zip,phonenumber,email) values('bobby','singh','ashok nagar','pune','maharashtra',3205,9678542312,'bobby@yahoo.com');
Query OK, 1 row affected (0.04 sec)

mysql> insert into  addressbook_db(firstname,lastname,address,city,state,zip,phonenumber,email) values('rohan','singh','nigadi','pune','maharashtra',3105,9672347689,'rohan@orkut.com');
Query OK, 1 row affected (0.05 sec)

mysql> insert into  addressbook_db(firstname,lastname,address,city,state,zip,phonenumber,email) values('avatar','roy','nigadi','solapur','maharashtra',42005,9587093562,'avtar@orkut.com');
Query OK, 1 row affected (0.07 sec)

mysql> insert into  addressbook_db(firstname,lastname,address,city,state,zip,phonenumber,email) values('peter','quill','nigadi','solapur','maharashtra',413005,9245873412,'peter@yahoo.com');
Query OK, 1 row affected (0.05 sec)

mysql> insert into  addressbook_db(firstname,lastname,address,city,state,zip,phonenumber,email) values('rocket','rakoon','ncr','new delhi','delhi',234415,8098764532,'rocket@yahoo.com');
Query OK, 1 row affected (0.05 sec)

mysql> insert into  addressbook_db(firstname,lastname,address,city,state,zip,phonenumber,email) values('pqr','malik','Block1','solapur','maharashtra',41006,8134659513,'pqr@yahoo.com');
Query OK, 1 row affected (0.02 sec)

mysql> insert into  addressbook_db(firstname,lastname,address,city,state,zip,phonenumber,email) values('mohan','joy','swarget','pune','maharashtra'541006,8159988756,'king@yahoo.com');
ERROR 1064 (42000): You have an error in your SQL syntax; check the manual that corresponds to your MySQL server version for the right syntax to use near '541006,8159988756,'king@yahoo.com')' at line 1
mysql> insert into  addressbook_db(firstname,lastname,address,city,state,zip,phonenumber,email) values('mohan','joy','swarget','pune','maharashtra',541006,8159988756,'king@yahoo.com');
Query OK, 1 row affected (0.02 sec)
